2026/05/20 14:26:51 🚀 Auto-Coder Swarm Starting (Phase 4: SQLite Persistence Ready)
2026/05/20 14:26:51 📡 Swarm listening for requests on :8006

2026/05/20 14:26:51 [31;1m/home/cnf/projects/auto-coder-swarm/internal/storage/storage.go:86 [35;1mrecord not found
[0m[33m[0.080ms] [34;1m[rows:0][0m SELECT * FROM `swarm_tasks` WHERE status = "PENDING" AND `swarm_tasks`.`deleted_at` IS NULL ORDER BY created_at asc,`swarm_tasks`.`id` LIMIT 1

2026/05/20 14:26:53 [31;1m/home/cnf/projects/auto-coder-swarm/internal/storage/storage.go:86 [35;1mrecord not found
[0m[33m[0.126ms] [34;1m[rows:0][0m SELECT * FROM `swarm_tasks` WHERE status = "PENDING" AND `swarm_tasks`.`deleted_at` IS NULL ORDER BY created_at asc,`swarm_tasks`.`id` LIMIT 1

2026/05/20 14:26:55 [31;1m/home/cnf/projects/auto-coder-swarm/internal/storage/storage.go:86 [35;1mrecord not found
[0m[33m[0.158ms] [34;1m[rows:0][0m SELECT * FROM `swarm_tasks` WHERE status = "PENDING" AND `swarm_tasks`.`deleted_at` IS NULL ORDER BY created_at asc,`swarm_tasks`.`id` LIMIT 1

2026/05/20 14:26:57 [31;1m/home/cnf/projects/auto-coder-swarm/internal/storage/storage.go:86 [35;1mrecord not found
[0m[33m[0.148ms] [34;1m[rows:0][0m SELECT * FROM `swarm_tasks` WHERE status = "PENDING" AND `swarm_tasks`.`deleted_at` IS NULL ORDER BY created_at asc,`swarm_tasks`.`id` LIMIT 1

2026/05/20 14:26:59 [31;1m/home/cnf/projects/auto-coder-swarm/internal/storage/storage.go:86 [35;1mrecord not found
[0m[33m[0.144ms] [34;1m[rows:0][0m SELECT * FROM `swarm_tasks` WHERE status = "PENDING" AND `swarm_tasks`.`deleted_at` IS NULL ORDER BY created_at asc,`swarm_tasks`.`id` LIMIT 1

2026/05/20 14:27:01 [31;1m/home/cnf/projects/auto-coder-swarm/internal/storage/storage.go:86 [35;1mrecord not found
[0m[33m[0.270ms] [34;1m[rows:0][0m SELECT * FROM `swarm_tasks` WHERE status = "PENDING" AND `swarm_tasks`.`deleted_at` IS NULL ORDER BY created_at asc,`swarm_tasks`.`id` LIMIT 1

2026/05/20 14:27:03 [31;1m/home/cnf/projects/auto-coder-swarm/internal/storage/storage.go:86 [35;1mrecord not found
[0m[33m[0.176ms] [34;1m[rows:0][0m SELECT * FROM `swarm_tasks` WHERE status = "PENDING" AND `swarm_tasks`.`deleted_at` IS NULL ORDER BY created_at asc,`swarm_tasks`.`id` LIMIT 1

2026/05/20 14:27:05 [31;1m/home/cnf/projects/auto-coder-swarm/internal/storage/storage.go:86 [35;1mrecord not found
[0m[33m[0.163ms] [34;1m[rows:0][0m SELECT * FROM `swarm_tasks` WHERE status = "PENDING" AND `swarm_tasks`.`deleted_at` IS NULL ORDER BY created_at asc,`swarm_tasks`.`id` LIMIT 1

2026/05/20 14:27:07 [31;1m/home/cnf/projects/auto-coder-swarm/internal/storage/storage.go:86 [35;1mrecord not found
[0m[33m[0.156ms] [34;1m[rows:0][0m SELECT * FROM `swarm_tasks` WHERE status = "PENDING" AND `swarm_tasks`.`deleted_at` IS NULL ORDER BY created_at asc,`swarm_tasks`.`id` LIMIT 1

2026/05/20 14:27:09 [31;1m/home/cnf/projects/auto-coder-swarm/internal/storage/storage.go:86 [35;1mrecord not found
[0m[33m[0.157ms] [34;1m[rows:0][0m SELECT * FROM `swarm_tasks` WHERE status = "PENDING" AND `swarm_tasks`.`deleted_at` IS NULL ORDER BY created_at asc,`swarm_tasks`.`id` LIMIT 1

2026/05/20 14:27:11 [31;1m/home/cnf/projects/auto-coder-swarm/internal/storage/storage.go:86 [35;1mrecord not found
[0m[33m[0.151ms] [34;1m[rows:0][0m SELECT * FROM `swarm_tasks` WHERE status = "PENDING" AND `swarm_tasks`.`deleted_at` IS NULL ORDER BY created_at asc,`swarm_tasks`.`id` LIMIT 1

2026/05/20 14:27:13 [31;1m/home/cnf/projects/auto-coder-swarm/internal/storage/storage.go:86 [35;1mrecord not found
[0m[33m[0.090ms] [34;1m[rows:0][0m SELECT * FROM `swarm_tasks` WHERE status = "PENDING" AND `swarm_tasks`.`deleted_at` IS NULL ORDER BY created_at asc,`swarm_tasks`.`id` LIMIT 1

2026/05/20 14:27:15 [31;1m/home/cnf/projects/auto-coder-swarm/internal/storage/storage.go:86 [35;1mrecord not found
[0m[33m[0.154ms] [34;1m[rows:0][0m SELECT * FROM `swarm_tasks` WHERE status = "PENDING" AND `swarm_tasks`.`deleted_at` IS NULL ORDER BY created_at asc,`swarm_tasks`.`id` LIMIT 1

2026/05/20 14:27:17 [31;1m/home/cnf/projects/auto-coder-swarm/internal/storage/storage.go:86 [35;1mrecord not found
[0m[33m[0.150ms] [34;1m[rows:0][0m SELECT * FROM `swarm_tasks` WHERE status = "PENDING" AND `swarm_tasks`.`deleted_at` IS NULL ORDER BY created_at asc,`swarm_tasks`.`id` LIMIT 1

2026/05/20 14:27:19 [31;1m/home/cnf/projects/auto-coder-swarm/internal/storage/storage.go:86 [35;1mrecord not found
[0m[33m[0.155ms] [34;1m[rows:0][0m SELECT * FROM `swarm_tasks` WHERE status = "PENDING" AND `swarm_tasks`.`deleted_at` IS NULL ORDER BY created_at asc,`swarm_tasks`.`id` LIMIT 1

2026/05/20 14:27:21 [31;1m/home/cnf/projects/auto-coder-swarm/internal/storage/storage.go:86 [35;1mrecord not found
[0m[33m[0.145ms] [34;1m[rows:0][0m SELECT * FROM `swarm_tasks` WHERE status = "PENDING" AND `swarm_tasks`.`deleted_at` IS NULL ORDER BY created_at asc,`swarm_tasks`.`id` LIMIT 1

2026/05/20 14:27:23 [31;1m/home/cnf/projects/auto-coder-swarm/internal/storage/storage.go:86 [35;1mrecord not found
[0m[33m[0.147ms] [34;1m[rows:0][0m SELECT * FROM `swarm_tasks` WHERE status = "PENDING" AND `swarm_tasks`.`deleted_at` IS NULL ORDER BY created_at asc,`swarm_tasks`.`id` LIMIT 1

2026/05/20 14:27:25 [31;1m/home/cnf/projects/auto-coder-swarm/internal/storage/storage.go:86 [35;1mrecord not found
[0m[33m[0.231ms] [34;1m[rows:0][0m SELECT * FROM `swarm_tasks` WHERE status = "PENDING" AND `swarm_tasks`.`deleted_at` IS NULL ORDER BY created_at asc,`swarm_tasks`.`id` LIMIT 1

2026/05/20 14:27:27 [31;1m/home/cnf/projects/auto-coder-swarm/internal/storage/storage.go:86 [35;1mrecord not found
[0m[33m[0.213ms] [34;1m[rows:0][0m SELECT * FROM `swarm_tasks` WHERE status = "PENDING" AND `swarm_tasks`.`deleted_at` IS NULL ORDER BY created_at asc,`swarm_tasks`.`id` LIMIT 1

2026/05/20 14:27:29 [31;1m/home/cnf/projects/auto-coder-swarm/internal/storage/storage.go:86 [35;1mrecord not found
[0m[33m[0.264ms] [34;1m[rows:0][0m SELECT * FROM `swarm_tasks` WHERE status = "PENDING" AND `swarm_tasks`.`deleted_at` IS NULL ORDER BY created_at asc,`swarm_tasks`.`id` LIMIT 1

2026/05/20 14:27:31 [31;1m/home/cnf/projects/auto-coder-swarm/internal/storage/storage.go:86 [35;1mrecord not found
[0m[33m[0.255ms] [34;1m[rows:0][0m SELECT * FROM `swarm_tasks` WHERE status = "PENDING" AND `swarm_tasks`.`deleted_at` IS NULL ORDER BY created_at asc,`swarm_tasks`.`id` LIMIT 1

2026/05/20 14:27:33 [31;1m/home/cnf/projects/auto-coder-swarm/internal/storage/storage.go:86 [35;1mrecord not found
[0m[33m[0.269ms] [34;1m[rows:0][0m SELECT * FROM `swarm_tasks` WHERE status = "PENDING" AND `swarm_tasks`.`deleted_at` IS NULL ORDER BY created_at asc,`swarm_tasks`.`id` LIMIT 1

2026/05/20 14:27:35 [31;1m/home/cnf/projects/auto-coder-swarm/internal/storage/storage.go:86 [35;1mrecord not found
[0m[33m[0.271ms] [34;1m[rows:0][0m SELECT * FROM `swarm_tasks` WHERE status = "PENDING" AND `swarm_tasks`.`deleted_at` IS NULL ORDER BY created_at asc,`swarm_tasks`.`id` LIMIT 1

2026/05/20 14:27:37 [31;1m/home/cnf/projects/auto-coder-swarm/internal/storage/storage.go:86 [35;1mrecord not found
[0m[33m[0.249ms] [34;1m[rows:0][0m SELECT * FROM `swarm_tasks` WHERE status = "PENDING" AND `swarm_tasks`.`deleted_at` IS NULL ORDER BY created_at asc,`swarm_tasks`.`id` LIMIT 1

2026/05/20 14:27:39 [31;1m/home/cnf/projects/auto-coder-swarm/internal/storage/storage.go:86 [35;1mrecord not found
[0m[33m[0.308ms] [34;1m[rows:0][0m SELECT * FROM `swarm_tasks` WHERE status = "PENDING" AND `swarm_tasks`.`deleted_at` IS NULL ORDER BY created_at asc,`swarm_tasks`.`id` LIMIT 1

2026/05/20 14:27:41 [31;1m/home/cnf/projects/auto-coder-swarm/internal/storage/storage.go:86 [35;1mrecord not found
[0m[33m[0.218ms] [34;1m[rows:0][0m SELECT * FROM `swarm_tasks` WHERE status = "PENDING" AND `swarm_tasks`.`deleted_at` IS NULL ORDER BY created_at asc,`swarm_tasks`.`id` LIMIT 1

2026/05/20 14:27:43 [31;1m/home/cnf/projects/auto-coder-swarm/internal/storage/storage.go:86 [35;1mrecord not found
[0m[33m[0.191ms] [34;1m[rows:0][0m SELECT * FROM `swarm_tasks` WHERE status = "PENDING" AND `swarm_tasks`.`deleted_at` IS NULL ORDER BY created_at asc,`swarm_tasks`.`id` LIMIT 1

2026/05/20 14:27:45 [31;1m/home/cnf/projects/auto-coder-swarm/internal/storage/storage.go:86 [35;1mrecord not found
[0m[33m[0.256ms] [34;1m[rows:0][0m SELECT * FROM `swarm_tasks` WHERE status = "PENDING" AND `swarm_tasks`.`deleted_at` IS NULL ORDER BY created_at asc,`swarm_tasks`.`id` LIMIT 1

2026/05/20 14:27:47 [31;1m/home/cnf/projects/auto-coder-swarm/internal/storage/storage.go:86 [35;1mrecord not found
[0m[33m[0.252ms] [34;1m[rows:0][0m SELECT * FROM `swarm_tasks` WHERE status = "PENDING" AND `swarm_tasks`.`deleted_at` IS NULL ORDER BY created_at asc,`swarm_tasks`.`id` LIMIT 1

2026/05/20 14:27:49 [31;1m/home/cnf/projects/auto-coder-swarm/internal/storage/storage.go:86 [35;1mrecord not found
[0m[33m[0.251ms] [34;1m[rows:0][0m SELECT * FROM `swarm_tasks` WHERE status = "PENDING" AND `swarm_tasks`.`deleted_at` IS NULL ORDER BY created_at asc,`swarm_tasks`.`id` LIMIT 1

2026/05/20 14:27:51 [31;1m/home/cnf/projects/auto-coder-swarm/internal/storage/storage.go:86 [35;1mrecord not found
[0m[33m[0.242ms] [34;1m[rows:0][0m SELECT * FROM `swarm_tasks` WHERE status = "PENDING" AND `swarm_tasks`.`deleted_at` IS NULL ORDER BY created_at asc,`swarm_tasks`.`id` LIMIT 1

2026/05/20 14:27:53 [31;1m/home/cnf/projects/auto-coder-swarm/internal/storage/storage.go:86 [35;1mrecord not found
[0m[33m[0.240ms] [34;1m[rows:0][0m SELECT * FROM `swarm_tasks` WHERE status = "PENDING" AND `swarm_tasks`.`deleted_at` IS NULL ORDER BY created_at asc,`swarm_tasks`.`id` LIMIT 1

2026/05/20 14:27:55 [31;1m/home/cnf/projects/auto-coder-swarm/internal/storage/storage.go:86 [35;1mrecord not found
[0m[33m[0.242ms] [34;1m[rows:0][0m SELECT * FROM `swarm_tasks` WHERE status = "PENDING" AND `swarm_tasks`.`deleted_at` IS NULL ORDER BY created_at asc,`swarm_tasks`.`id` LIMIT 1

2026/05/20 14:27:57 [31;1m/home/cnf/projects/auto-coder-swarm/internal/storage/storage.go:86 [35;1mrecord not found
[0m[33m[0.237ms] [34;1m[rows:0][0m SELECT * FROM `swarm_tasks` WHERE status = "PENDING" AND `swarm_tasks`.`deleted_at` IS NULL ORDER BY created_at asc,`swarm_tasks`.`id` LIMIT 1

2026/05/20 14:27:59 [31;1m/home/cnf/projects/auto-coder-swarm/internal/storage/storage.go:86 [35;1mrecord not found
[0m[33m[0.251ms] [34;1m[rows:0][0m SELECT * FROM `swarm_tasks` WHERE status = "PENDING" AND `swarm_tasks`.`deleted_at` IS NULL ORDER BY created_at asc,`swarm_tasks`.`id` LIMIT 1

2026/05/20 14:28:01 [31;1m/home/cnf/projects/auto-coder-swarm/internal/storage/storage.go:86 [35;1mrecord not found
[0m[33m[0.237ms] [34;1m[rows:0][0m SELECT * FROM `swarm_tasks` WHERE status = "PENDING" AND `swarm_tasks`.`deleted_at` IS NULL ORDER BY created_at asc,`swarm_tasks`.`id` LIMIT 1

2026/05/20 14:28:03 [31;1m/home/cnf/projects/auto-coder-swarm/internal/storage/storage.go:86 [35;1mrecord not found
[0m[33m[0.259ms] [34;1m[rows:0][0m SELECT * FROM `swarm_tasks` WHERE status = "PENDING" AND `swarm_tasks`.`deleted_at` IS NULL ORDER BY created_at asc,`swarm_tasks`.`id` LIMIT 1

2026/05/20 14:28:05 [31;1m/home/cnf/projects/auto-coder-swarm/internal/storage/storage.go:86 [35;1mrecord not found
[0m[33m[0.286ms] [34;1m[rows:0][0m SELECT * FROM `swarm_tasks` WHERE status = "PENDING" AND `swarm_tasks`.`deleted_at` IS NULL ORDER BY created_at asc,`swarm_tasks`.`id` LIMIT 1

2026/05/20 14:28:07 [31;1m/home/cnf/projects/auto-coder-swarm/internal/storage/storage.go:86 [35;1mrecord not found
[0m[33m[0.234ms] [34;1m[rows:0][0m SELECT * FROM `swarm_tasks` WHERE status = "PENDING" AND `swarm_tasks`.`deleted_at` IS NULL ORDER BY created_at asc,`swarm_tasks`.`id` LIMIT 1

2026/05/20 14:28:09 [31;1m/home/cnf/projects/auto-coder-swarm/internal/storage/storage.go:86 [35;1mrecord not found
[0m[33m[0.241ms] [34;1m[rows:0][0m SELECT * FROM `swarm_tasks` WHERE status = "PENDING" AND `swarm_tasks`.`deleted_at` IS NULL ORDER BY created_at asc,`swarm_tasks`.`id` LIMIT 1

2026/05/20 14:28:11 [31;1m/home/cnf/projects/auto-coder-swarm/internal/storage/storage.go:86 [35;1mrecord not found
[0m[33m[0.188ms] [34;1m[rows:0][0m SELECT * FROM `swarm_tasks` WHERE status = "PENDING" AND `swarm_tasks`.`deleted_at` IS NULL ORDER BY created_at asc,`swarm_tasks`.`id` LIMIT 1

2026/05/20 14:28:13 [31;1m/home/cnf/projects/auto-coder-swarm/internal/storage/storage.go:86 [35;1mrecord not found
[0m[33m[0.242ms] [34;1m[rows:0][0m SELECT * FROM `swarm_tasks` WHERE status = "PENDING" AND `swarm_tasks`.`deleted_at` IS NULL ORDER BY created_at asc,`swarm_tasks`.`id` LIMIT 1

2026/05/20 14:28:15 [31;1m/home/cnf/projects/auto-coder-swarm/internal/storage/storage.go:86 [35;1mrecord not found
[0m[33m[0.198ms] [34;1m[rows:0][0m SELECT * FROM `swarm_tasks` WHERE status = "PENDING" AND `swarm_tasks`.`deleted_at` IS NULL ORDER BY created_at asc,`swarm_tasks`.`id` LIMIT 1

2026/05/20 14:28:17 [31;1m/home/cnf/projects/auto-coder-swarm/internal/storage/storage.go:86 [35;1mrecord not found
[0m[33m[0.238ms] [34;1m[rows:0][0m SELECT * FROM `swarm_tasks` WHERE status = "PENDING" AND `swarm_tasks`.`deleted_at` IS NULL ORDER BY created_at asc,`swarm_tasks`.`id` LIMIT 1

2026/05/20 14:28:19 [31;1m/home/cnf/projects/auto-coder-swarm/internal/storage/storage.go:86 [35;1mrecord not found
[0m[33m[0.238ms] [34;1m[rows:0][0m SELECT * FROM `swarm_tasks` WHERE status = "PENDING" AND `swarm_tasks`.`deleted_at` IS NULL ORDER BY created_at asc,`swarm_tasks`.`id` LIMIT 1

2026/05/20 14:28:21 [31;1m/home/cnf/projects/auto-coder-swarm/internal/storage/storage.go:86 [35;1mrecord not found
[0m[33m[0.220ms] [34;1m[rows:0][0m SELECT * FROM `swarm_tasks` WHERE status = "PENDING" AND `swarm_tasks`.`deleted_at` IS NULL ORDER BY created_at asc,`swarm_tasks`.`id` LIMIT 1

2026/05/20 14:28:23 [31;1m/home/cnf/projects/auto-coder-swarm/internal/storage/storage.go:86 [35;1mrecord not found
[0m[33m[0.249ms] [34;1m[rows:0][0m SELECT * FROM `swarm_tasks` WHERE status = "PENDING" AND `swarm_tasks`.`deleted_at` IS NULL ORDER BY created_at asc,`swarm_tasks`.`id` LIMIT 1

2026/05/20 14:28:25 [31;1m/home/cnf/projects/auto-coder-swarm/internal/storage/storage.go:86 [35;1mrecord not found
[0m[33m[0.241ms] [34;1m[rows:0][0m SELECT * FROM `swarm_tasks` WHERE status = "PENDING" AND `swarm_tasks`.`deleted_at` IS NULL ORDER BY created_at asc,`swarm_tasks`.`id` LIMIT 1

2026/05/20 14:28:27 [31;1m/home/cnf/projects/auto-coder-swarm/internal/storage/storage.go:86 [35;1mrecord not found
[0m[33m[0.241ms] [34;1m[rows:0][0m SELECT * FROM `swarm_tasks` WHERE status = "PENDING" AND `swarm_tasks`.`deleted_at` IS NULL ORDER BY created_at asc,`swarm_tasks`.`id` LIMIT 1

2026/05/20 14:28:29 [31;1m/home/cnf/projects/auto-coder-swarm/internal/storage/storage.go:86 [35;1mrecord not found
[0m[33m[0.242ms] [34;1m[rows:0][0m SELECT * FROM `swarm_tasks` WHERE status = "PENDING" AND `swarm_tasks`.`deleted_at` IS NULL ORDER BY created_at asc,`swarm_tasks`.`id` LIMIT 1

2026/05/20 14:28:31 [31;1m/home/cnf/projects/auto-coder-swarm/internal/storage/storage.go:86 [35;1mrecord not found
[0m[33m[0.249ms] [34;1m[rows:0][0m SELECT * FROM `swarm_tasks` WHERE status = "PENDING" AND `swarm_tasks`.`deleted_at` IS NULL ORDER BY created_at asc,`swarm_tasks`.`id` LIMIT 1

2026/05/20 14:28:33 [31;1m/home/cnf/projects/auto-coder-swarm/internal/storage/storage.go:86 [35;1mrecord not found
[0m[33m[0.250ms] [34;1m[rows:0][0m SELECT * FROM `swarm_tasks` WHERE status = "PENDING" AND `swarm_tasks`.`deleted_at` IS NULL ORDER BY created_at asc,`swarm_tasks`.`id` LIMIT 1

2026/05/20 14:28:35 [31;1m/home/cnf/projects/auto-coder-swarm/internal/storage/storage.go:86 [35;1mrecord not found
[0m[33m[0.197ms] [34;1m[rows:0][0m SELECT * FROM `swarm_tasks` WHERE status = "PENDING" AND `swarm_tasks`.`deleted_at` IS NULL ORDER BY created_at asc,`swarm_tasks`.`id` LIMIT 1

2026/05/20 14:28:37 [31;1m/home/cnf/projects/auto-coder-swarm/internal/storage/storage.go:86 [35;1mrecord not found
[0m[33m[0.245ms] [34;1m[rows:0][0m SELECT * FROM `swarm_tasks` WHERE status = "PENDING" AND `swarm_tasks`.`deleted_at` IS NULL ORDER BY created_at asc,`swarm_tasks`.`id` LIMIT 1

2026/05/20 14:28:39 [31;1m/home/cnf/projects/auto-coder-swarm/internal/storage/storage.go:86 [35;1mrecord not found
[0m[33m[0.263ms] [34;1m[rows:0][0m SELECT * FROM `swarm_tasks` WHERE status = "PENDING" AND `swarm_tasks`.`deleted_at` IS NULL ORDER BY created_at asc,`swarm_tasks`.`id` LIMIT 1

2026/05/20 14:28:41 [31;1m/home/cnf/projects/auto-coder-swarm/internal/storage/storage.go:86 [35;1mrecord not found
[0m[33m[0.184ms] [34;1m[rows:0][0m SELECT * FROM `swarm_tasks` WHERE status = "PENDING" AND `swarm_tasks`.`deleted_at` IS NULL ORDER BY created_at asc,`swarm_tasks`.`id` LIMIT 1

2026/05/20 14:28:43 [31;1m/home/cnf/projects/auto-coder-swarm/internal/storage/storage.go:86 [35;1mrecord not found
[0m[33m[0.256ms] [34;1m[rows:0][0m SELECT * FROM `swarm_tasks` WHERE status = "PENDING" AND `swarm_tasks`.`deleted_at` IS NULL ORDER BY created_at asc,`swarm_tasks`.`id` LIMIT 1

2026/05/20 14:28:45 [31;1m/home/cnf/projects/auto-coder-swarm/internal/storage/storage.go:86 [35;1mrecord not found
[0m[33m[0.244ms] [34;1m[rows:0][0m SELECT * FROM `swarm_tasks` WHERE status = "PENDING" AND `swarm_tasks`.`deleted_at` IS NULL ORDER BY created_at asc,`swarm_tasks`.`id` LIMIT 1

2026/05/20 14:28:47 [31;1m/home/cnf/projects/auto-coder-swarm/internal/storage/storage.go:86 [35;1mrecord not found
[0m[33m[0.243ms] [34;1m[rows:0][0m SELECT * FROM `swarm_tasks` WHERE status = "PENDING" AND `swarm_tasks`.`deleted_at` IS NULL ORDER BY created_at asc,`swarm_tasks`.`id` LIMIT 1

2026/05/20 14:28:49 [31;1m/home/cnf/projects/auto-coder-swarm/internal/storage/storage.go:86 [35;1mrecord not found
[0m[33m[0.234ms] [34;1m[rows:0][0m SELECT * FROM `swarm_tasks` WHERE status = "PENDING" AND `swarm_tasks`.`deleted_at` IS NULL ORDER BY created_at asc,`swarm_tasks`.`id` LIMIT 1

2026/05/20 14:28:51 [31;1m/home/cnf/projects/auto-coder-swarm/internal/storage/storage.go:86 [35;1mrecord not found
[0m[33m[0.266ms] [34;1m[rows:0][0m SELECT * FROM `swarm_tasks` WHERE status = "PENDING" AND `swarm_tasks`.`deleted_at` IS NULL ORDER BY created_at asc,`swarm_tasks`.`id` LIMIT 1

2026/05/20 14:28:53 [31;1m/home/cnf/projects/auto-coder-swarm/internal/storage/storage.go:86 [35;1mrecord not found
[0m[33m[0.276ms] [34;1m[rows:0][0m SELECT * FROM `swarm_tasks` WHERE status = "PENDING" AND `swarm_tasks`.`deleted_at` IS NULL ORDER BY created_at asc,`swarm_tasks`.`id` LIMIT 1

2026/05/20 14:28:55 [31;1m/home/cnf/projects/auto-coder-swarm/internal/storage/storage.go:86 [35;1mrecord not found
[0m[33m[0.262ms] [34;1m[rows:0][0m SELECT * FROM `swarm_tasks` WHERE status = "PENDING" AND `swarm_tasks`.`deleted_at` IS NULL ORDER BY created_at asc,`swarm_tasks`.`id` LIMIT 1

2026/05/20 14:28:57 [31;1m/home/cnf/projects/auto-coder-swarm/internal/storage/storage.go:86 [35;1mrecord not found
[0m[33m[0.240ms] [34;1m[rows:0][0m SELECT * FROM `swarm_tasks` WHERE status = "PENDING" AND `swarm_tasks`.`deleted_at` IS NULL ORDER BY created_at asc,`swarm_tasks`.`id` LIMIT 1

2026/05/20 14:28:59 [31;1m/home/cnf/projects/auto-coder-swarm/internal/storage/storage.go:86 [35;1mrecord not found
[0m[33m[0.249ms] [34;1m[rows:0][0m SELECT * FROM `swarm_tasks` WHERE status = "PENDING" AND `swarm_tasks`.`deleted_at` IS NULL ORDER BY created_at asc,`swarm_tasks`.`id` LIMIT 1

2026/05/20 14:29:01 [31;1m/home/cnf/projects/auto-coder-swarm/internal/storage/storage.go:86 [35;1mrecord not found
[0m[33m[0.251ms] [34;1m[rows:0][0m SELECT * FROM `swarm_tasks` WHERE status = "PENDING" AND `swarm_tasks`.`deleted_at` IS NULL ORDER BY created_at asc,`swarm_tasks`.`id` LIMIT 1

2026/05/20 14:29:03 [31;1m/home/cnf/projects/auto-coder-swarm/internal/storage/storage.go:86 [35;1mrecord not found
[0m[33m[0.185ms] [34;1m[rows:0][0m SELECT * FROM `swarm_tasks` WHERE status = "PENDING" AND `swarm_tasks`.`deleted_at` IS NULL ORDER BY created_at asc,`swarm_tasks`.`id` LIMIT 1

2026/05/20 14:29:05 [31;1m/home/cnf/projects/auto-coder-swarm/internal/storage/storage.go:86 [35;1mrecord not found
[0m[33m[0.242ms] [34;1m[rows:0][0m SELECT * FROM `swarm_tasks` WHERE status = "PENDING" AND `swarm_tasks`.`deleted_at` IS NULL ORDER BY created_at asc,`swarm_tasks`.`id` LIMIT 1

2026/05/20 14:29:07 [31;1m/home/cnf/projects/auto-coder-swarm/internal/storage/storage.go:86 [35;1mrecord not found
[0m[33m[0.253ms] [34;1m[rows:0][0m SELECT * FROM `swarm_tasks` WHERE status = "PENDING" AND `swarm_tasks`.`deleted_at` IS NULL ORDER BY created_at asc,`swarm_tasks`.`id` LIMIT 1

2026/05/20 14:29:09 [31;1m/home/cnf/projects/auto-coder-swarm/internal/storage/storage.go:86 [35;1mrecord not found
[0m[33m[0.252ms] [34;1m[rows:0][0m SELECT * FROM `swarm_tasks` WHERE status = "PENDING" AND `swarm_tasks`.`deleted_at` IS NULL ORDER BY created_at asc,`swarm_tasks`.`id` LIMIT 1

2026/05/20 14:29:11 [31;1m/home/cnf/projects/auto-coder-swarm/internal/storage/storage.go:86 [35;1mrecord not found
[0m[33m[0.237ms] [34;1m[rows:0][0m SELECT * FROM `swarm_tasks` WHERE status = "PENDING" AND `swarm_tasks`.`deleted_at` IS NULL ORDER BY created_at asc,`swarm_tasks`.`id` LIMIT 1

2026/05/20 14:29:13 [31;1m/home/cnf/projects/auto-coder-swarm/internal/storage/storage.go:86 [35;1mrecord not found
[0m[33m[0.237ms] [34;1m[rows:0][0m SELECT * FROM `swarm_tasks` WHERE status = "PENDING" AND `swarm_tasks`.`deleted_at` IS NULL ORDER BY created_at asc,`swarm_tasks`.`id` LIMIT 1

2026/05/20 14:29:15 [31;1m/home/cnf/projects/auto-coder-swarm/internal/storage/storage.go:86 [35;1mrecord not found
[0m[33m[0.256ms] [34;1m[rows:0][0m SELECT * FROM `swarm_tasks` WHERE status = "PENDING" AND `swarm_tasks`.`deleted_at` IS NULL ORDER BY created_at asc,`swarm_tasks`.`id` LIMIT 1

2026/05/20 14:29:17 [31;1m/home/cnf/projects/auto-coder-swarm/internal/storage/storage.go:86 [35;1mrecord not found
[0m[33m[0.235ms] [34;1m[rows:0][0m SELECT * FROM `swarm_tasks` WHERE status = "PENDING" AND `swarm_tasks`.`deleted_at` IS NULL ORDER BY created_at asc,`swarm_tasks`.`id` LIMIT 1

2026/05/20 14:29:19 [31;1m/home/cnf/projects/auto-coder-swarm/internal/storage/storage.go:86 [35;1mrecord not found
[0m[33m[0.244ms] [34;1m[rows:0][0m SELECT * FROM `swarm_tasks` WHERE status = "PENDING" AND `swarm_tasks`.`deleted_at` IS NULL ORDER BY created_at asc,`swarm_tasks`.`id` LIMIT 1

2026/05/20 14:29:21 [31;1m/home/cnf/projects/auto-coder-swarm/internal/storage/storage.go:86 [35;1mrecord not found
[0m[33m[0.236ms] [34;1m[rows:0][0m SELECT * FROM `swarm_tasks` WHERE status = "PENDING" AND `swarm_tasks`.`deleted_at` IS NULL ORDER BY created_at asc,`swarm_tasks`.`id` LIMIT 1

2026/05/20 14:29:23 [31;1m/home/cnf/projects/auto-coder-swarm/internal/storage/storage.go:86 [35;1mrecord not found
[0m[33m[0.250ms] [34;1m[rows:0][0m SELECT * FROM `swarm_tasks` WHERE status = "PENDING" AND `swarm_tasks`.`deleted_at` IS NULL ORDER BY created_at asc,`swarm_tasks`.`id` LIMIT 1

2026/05/20 14:29:25 [31;1m/home/cnf/projects/auto-coder-swarm/internal/storage/storage.go:86 [35;1mrecord not found
[0m[33m[0.192ms] [34;1m[rows:0][0m SELECT * FROM `swarm_tasks` WHERE status = "PENDING" AND `swarm_tasks`.`deleted_at` IS NULL ORDER BY created_at asc,`swarm_tasks`.`id` LIMIT 1

2026/05/20 14:29:27 [31;1m/home/cnf/projects/auto-coder-swarm/internal/storage/storage.go:86 [35;1mrecord not found
[0m[33m[0.237ms] [34;1m[rows:0][0m SELECT * FROM `swarm_tasks` WHERE status = "PENDING" AND `swarm_tasks`.`deleted_at` IS NULL ORDER BY created_at asc,`swarm_tasks`.`id` LIMIT 1

2026/05/20 14:29:29 [31;1m/home/cnf/projects/auto-coder-swarm/internal/storage/storage.go:86 [35;1mrecord not found
[0m[33m[0.182ms] [34;1m[rows:0][0m SELECT * FROM `swarm_tasks` WHERE status = "PENDING" AND `swarm_tasks`.`deleted_at` IS NULL ORDER BY created_at asc,`swarm_tasks`.`id` LIMIT 1

2026/05/20 14:29:31 [31;1m/home/cnf/projects/auto-coder-swarm/internal/storage/storage.go:86 [35;1mrecord not found
[0m[33m[0.233ms] [34;1m[rows:0][0m SELECT * FROM `swarm_tasks` WHERE status = "PENDING" AND `swarm_tasks`.`deleted_at` IS NULL ORDER BY created_at asc,`swarm_tasks`.`id` LIMIT 1

2026/05/20 14:29:33 [31;1m/home/cnf/projects/auto-coder-swarm/internal/storage/storage.go:86 [35;1mrecord not found
[0m[33m[0.244ms] [34;1m[rows:0][0m SELECT * FROM `swarm_tasks` WHERE status = "PENDING" AND `swarm_tasks`.`deleted_at` IS NULL ORDER BY created_at asc,`swarm_tasks`.`id` LIMIT 1

2026/05/20 14:29:35 [31;1m/home/cnf/projects/auto-coder-swarm/internal/storage/storage.go:86 [35;1mrecord not found
[0m[33m[0.235ms] [34;1m[rows:0][0m SELECT * FROM `swarm_tasks` WHERE status = "PENDING" AND `swarm_tasks`.`deleted_at` IS NULL ORDER BY created_at asc,`swarm_tasks`.`id` LIMIT 1

2026/05/20 14:29:37 [31;1m/home/cnf/projects/auto-coder-swarm/internal/storage/storage.go:86 [35;1mrecord not found
[0m[33m[0.199ms] [34;1m[rows:0][0m SELECT * FROM `swarm_tasks` WHERE status = "PENDING" AND `swarm_tasks`.`deleted_at` IS NULL ORDER BY created_at asc,`swarm_tasks`.`id` LIMIT 1

2026/05/20 14:29:39 [31;1m/home/cnf/projects/auto-coder-swarm/internal/storage/storage.go:86 [35;1mrecord not found
[0m[33m[0.251ms] [34;1m[rows:0][0m SELECT * FROM `swarm_tasks` WHERE status = "PENDING" AND `swarm_tasks`.`deleted_at` IS NULL ORDER BY created_at asc,`swarm_tasks`.`id` LIMIT 1

2026/05/20 14:29:41 [31;1m/home/cnf/projects/auto-coder-swarm/internal/storage/storage.go:86 [35;1mrecord not found
[0m[33m[0.250ms] [34;1m[rows:0][0m SELECT * FROM `swarm_tasks` WHERE status = "PENDING" AND `swarm_tasks`.`deleted_at` IS NULL ORDER BY created_at asc,`swarm_tasks`.`id` LIMIT 1

2026/05/20 14:29:43 [31;1m/home/cnf/projects/auto-coder-swarm/internal/storage/storage.go:86 [35;1mrecord not found
[0m[33m[0.246ms] [34;1m[rows:0][0m SELECT * FROM `swarm_tasks` WHERE status = "PENDING" AND `swarm_tasks`.`deleted_at` IS NULL ORDER BY created_at asc,`swarm_tasks`.`id` LIMIT 1

2026/05/20 14:29:45 [31;1m/home/cnf/projects/auto-coder-swarm/internal/storage/storage.go:86 [35;1mrecord not found
[0m[33m[0.194ms] [34;1m[rows:0][0m SELECT * FROM `swarm_tasks` WHERE status = "PENDING" AND `swarm_tasks`.`deleted_at` IS NULL ORDER BY created_at asc,`swarm_tasks`.`id` LIMIT 1

2026/05/20 14:29:47 [31;1m/home/cnf/projects/auto-coder-swarm/internal/storage/storage.go:86 [35;1mrecord not found
[0m[33m[0.245ms] [34;1m[rows:0][0m SELECT * FROM `swarm_tasks` WHERE status = "PENDING" AND `swarm_tasks`.`deleted_at` IS NULL ORDER BY created_at asc,`swarm_tasks`.`id` LIMIT 1

2026/05/20 14:29:49 [31;1m/home/cnf/projects/auto-coder-swarm/internal/storage/storage.go:86 [35;1mrecord not found
[0m[33m[0.274ms] [34;1m[rows:0][0m SELECT * FROM `swarm_tasks` WHERE status = "PENDING" AND `swarm_tasks`.`deleted_at` IS NULL ORDER BY created_at asc,`swarm_tasks`.`id` LIMIT 1

2026/05/20 14:29:51 [31;1m/home/cnf/projects/auto-coder-swarm/internal/storage/storage.go:86 [35;1mrecord not found
[0m[33m[0.244ms] [34;1m[rows:0][0m SELECT * FROM `swarm_tasks` WHERE status = "PENDING" AND `swarm_tasks`.`deleted_at` IS NULL ORDER BY created_at asc,`swarm_tasks`.`id` LIMIT 1

2026/05/20 14:29:53 [31;1m/home/cnf/projects/auto-coder-swarm/internal/storage/storage.go:86 [35;1mrecord not found
[0m[33m[0.232ms] [34;1m[rows:0][0m SELECT * FROM `swarm_tasks` WHERE status = "PENDING" AND `swarm_tasks`.`deleted_at` IS NULL ORDER BY created_at asc,`swarm_tasks`.`id` LIMIT 1

2026/05/20 14:29:55 [31;1m/home/cnf/projects/auto-coder-swarm/internal/storage/storage.go:86 [35;1mrecord not found
[0m[33m[0.271ms] [34;1m[rows:0][0m SELECT * FROM `swarm_tasks` WHERE status = "PENDING" AND `swarm_tasks`.`deleted_at` IS NULL ORDER BY created_at asc,`swarm_tasks`.`id` LIMIT 1

2026/05/20 14:29:57 [31;1m/home/cnf/projects/auto-coder-swarm/internal/storage/storage.go:86 [35;1mrecord not found
[0m[33m[0.252ms] [34;1m[rows:0][0m SELECT * FROM `swarm_tasks` WHERE status = "PENDING" AND `swarm_tasks`.`deleted_at` IS NULL ORDER BY created_at asc,`swarm_tasks`.`id` LIMIT 1

2026/05/20 14:29:59 [31;1m/home/cnf/projects/auto-coder-swarm/internal/storage/storage.go:86 [35;1mrecord not found
[0m[33m[0.234ms] [34;1m[rows:0][0m SELECT * FROM `swarm_tasks` WHERE status = "PENDING" AND `swarm_tasks`.`deleted_at` IS NULL ORDER BY created_at asc,`swarm_tasks`.`id` LIMIT 1

2026/05/20 14:30:01 [31;1m/home/cnf/projects/auto-coder-swarm/internal/storage/storage.go:86 [35;1mrecord not found
[0m[33m[0.243ms] [34;1m[rows:0][0m SELECT * FROM `swarm_tasks` WHERE status = "PENDING" AND `swarm_tasks`.`deleted_at` IS NULL ORDER BY created_at asc,`swarm_tasks`.`id` LIMIT 1

2026/05/20 14:30:03 [31;1m/home/cnf/projects/auto-coder-swarm/internal/storage/storage.go:86 [35;1mrecord not found
[0m[33m[0.251ms] [34;1m[rows:0][0m SELECT * FROM `swarm_tasks` WHERE status = "PENDING" AND `swarm_tasks`.`deleted_at` IS NULL ORDER BY created_at asc,`swarm_tasks`.`id` LIMIT 1

2026/05/20 14:30:05 [31;1m/home/cnf/projects/auto-coder-swarm/internal/storage/storage.go:86 [35;1mrecord not found
[0m[33m[0.246ms] [34;1m[rows:0][0m SELECT * FROM `swarm_tasks` WHERE status = "PENDING" AND `swarm_tasks`.`deleted_at` IS NULL ORDER BY created_at asc,`swarm_tasks`.`id` LIMIT 1

2026/05/20 14:30:07 [31;1m/home/cnf/projects/auto-coder-swarm/internal/storage/storage.go:86 [35;1mrecord not found
[0m[33m[0.231ms] [34;1m[rows:0][0m SELECT * FROM `swarm_tasks` WHERE status = "PENDING" AND `swarm_tasks`.`deleted_at` IS NULL ORDER BY created_at asc,`swarm_tasks`.`id` LIMIT 1

2026/05/20 14:30:09 [31;1m/home/cnf/projects/auto-coder-swarm/internal/storage/storage.go:86 [35;1mrecord not found
[0m[33m[0.257ms] [34;1m[rows:0][0m SELECT * FROM `swarm_tasks` WHERE status = "PENDING" AND `swarm_tasks`.`deleted_at` IS NULL ORDER BY created_at asc,`swarm_tasks`.`id` LIMIT 1

2026/05/20 14:30:11 [31;1m/home/cnf/projects/auto-coder-swarm/internal/storage/storage.go:86 [35;1mrecord not found
[0m[33m[0.253ms] [34;1m[rows:0][0m SELECT * FROM `swarm_tasks` WHERE status = "PENDING" AND `swarm_tasks`.`deleted_at` IS NULL ORDER BY created_at asc,`swarm_tasks`.`id` LIMIT 1

2026/05/20 14:30:13 [31;1m/home/cnf/projects/auto-coder-swarm/internal/storage/storage.go:86 [35;1mrecord not found
[0m[33m[0.249ms] [34;1m[rows:0][0m SELECT * FROM `swarm_tasks` WHERE status = "PENDING" AND `swarm_tasks`.`deleted_at` IS NULL ORDER BY created_at asc,`swarm_tasks`.`id` LIMIT 1

2026/05/20 14:30:15 [31;1m/home/cnf/projects/auto-coder-swarm/internal/storage/storage.go:86 [35;1mrecord not found
[0m[33m[0.244ms] [34;1m[rows:0][0m SELECT * FROM `swarm_tasks` WHERE status = "PENDING" AND `swarm_tasks`.`deleted_at` IS NULL ORDER BY created_at asc,`swarm_tasks`.`id` LIMIT 1

2026/05/20 14:30:17 [31;1m/home/cnf/projects/auto-coder-swarm/internal/storage/storage.go:86 [35;1mrecord not found
[0m[33m[0.225ms] [34;1m[rows:0][0m SELECT * FROM `swarm_tasks` WHERE status = "PENDING" AND `swarm_tasks`.`deleted_at` IS NULL ORDER BY created_at asc,`swarm_tasks`.`id` LIMIT 1

2026/05/20 14:30:19 [31;1m/home/cnf/projects/auto-coder-swarm/internal/storage/storage.go:86 [35;1mrecord not found
[0m[33m[0.246ms] [34;1m[rows:0][0m SELECT * FROM `swarm_tasks` WHERE status = "PENDING" AND `swarm_tasks`.`deleted_at` IS NULL ORDER BY created_at asc,`swarm_tasks`.`id` LIMIT 1

2026/05/20 14:30:21 [31;1m/home/cnf/projects/auto-coder-swarm/internal/storage/storage.go:86 [35;1mrecord not found
[0m[33m[0.242ms] [34;1m[rows:0][0m SELECT * FROM `swarm_tasks` WHERE status = "PENDING" AND `swarm_tasks`.`deleted_at` IS NULL ORDER BY created_at asc,`swarm_tasks`.`id` LIMIT 1

2026/05/20 14:30:23 [31;1m/home/cnf/projects/auto-coder-swarm/internal/storage/storage.go:86 [35;1mrecord not found
[0m[33m[0.197ms] [34;1m[rows:0][0m SELECT * FROM `swarm_tasks` WHERE status = "PENDING" AND `swarm_tasks`.`deleted_at` IS NULL ORDER BY created_at asc,`swarm_tasks`.`id` LIMIT 1

2026/05/20 14:30:25 [31;1m/home/cnf/projects/auto-coder-swarm/internal/storage/storage.go:86 [35;1mrecord not found
[0m[33m[0.188ms] [34;1m[rows:0][0m SELECT * FROM `swarm_tasks` WHERE status = "PENDING" AND `swarm_tasks`.`deleted_at` IS NULL ORDER BY created_at asc,`swarm_tasks`.`id` LIMIT 1

2026/05/20 14:30:27 [31;1m/home/cnf/projects/auto-coder-swarm/internal/storage/storage.go:86 [35;1mrecord not found
[0m[33m[0.214ms] [34;1m[rows:0][0m SELECT * FROM `swarm_tasks` WHERE status = "PENDING" AND `swarm_tasks`.`deleted_at` IS NULL ORDER BY created_at asc,`swarm_tasks`.`id` LIMIT 1

2026/05/20 14:30:29 [31;1m/home/cnf/projects/auto-coder-swarm/internal/storage/storage.go:86 [35;1mrecord not found
[0m[33m[0.191ms] [34;1m[rows:0][0m SELECT * FROM `swarm_tasks` WHERE status = "PENDING" AND `swarm_tasks`.`deleted_at` IS NULL ORDER BY created_at asc,`swarm_tasks`.`id` LIMIT 1

2026/05/20 14:30:31 [31;1m/home/cnf/projects/auto-coder-swarm/internal/storage/storage.go:86 [35;1mrecord not found
[0m[33m[0.233ms] [34;1m[rows:0][0m SELECT * FROM `swarm_tasks` WHERE status = "PENDING" AND `swarm_tasks`.`deleted_at` IS NULL ORDER BY created_at asc,`swarm_tasks`.`id` LIMIT 1

2026/05/20 14:30:33 [31;1m/home/cnf/projects/auto-coder-swarm/internal/storage/storage.go:86 [35;1mrecord not found
[0m[33m[0.252ms] [34;1m[rows:0][0m SELECT * FROM `swarm_tasks` WHERE status = "PENDING" AND `swarm_tasks`.`deleted_at` IS NULL ORDER BY created_at asc,`swarm_tasks`.`id` LIMIT 1

2026/05/20 14:30:35 [31;1m/home/cnf/projects/auto-coder-swarm/internal/storage/storage.go:86 [35;1mrecord not found
[0m[33m[0.232ms] [34;1m[rows:0][0m SELECT * FROM `swarm_tasks` WHERE status = "PENDING" AND `swarm_tasks`.`deleted_at` IS NULL ORDER BY created_at asc,`swarm_tasks`.`id` LIMIT 1

2026/05/20 14:30:37 [31;1m/home/cnf/projects/auto-coder-swarm/internal/storage/storage.go:86 [35;1mrecord not found
[0m[33m[0.186ms] [34;1m[rows:0][0m SELECT * FROM `swarm_tasks` WHERE status = "PENDING" AND `swarm_tasks`.`deleted_at` IS NULL ORDER BY created_at asc,`swarm_tasks`.`id` LIMIT 1

2026/05/20 14:30:39 [31;1m/home/cnf/projects/auto-coder-swarm/internal/storage/storage.go:86 [35;1mrecord not found
[0m[33m[0.185ms] [34;1m[rows:0][0m SELECT * FROM `swarm_tasks` WHERE status = "PENDING" AND `swarm_tasks`.`deleted_at` IS NULL ORDER BY created_at asc,`swarm_tasks`.`id` LIMIT 1

2026/05/20 14:30:41 [31;1m/home/cnf/projects/auto-coder-swarm/internal/storage/storage.go:86 [35;1mrecord not found
[0m[33m[0.240ms] [34;1m[rows:0][0m SELECT * FROM `swarm_tasks` WHERE status = "PENDING" AND `swarm_tasks`.`deleted_at` IS NULL ORDER BY created_at asc,`swarm_tasks`.`id` LIMIT 1

2026/05/20 14:30:43 [31;1m/home/cnf/projects/auto-coder-swarm/internal/storage/storage.go:86 [35;1mrecord not found
[0m[33m[0.210ms] [34;1m[rows:0][0m SELECT * FROM `swarm_tasks` WHERE status = "PENDING" AND `swarm_tasks`.`deleted_at` IS NULL ORDER BY created_at asc,`swarm_tasks`.`id` LIMIT 1

2026/05/20 14:30:45 [31;1m/home/cnf/projects/auto-coder-swarm/internal/storage/storage.go:86 [35;1mrecord not found
[0m[33m[0.194ms] [34;1m[rows:0][0m SELECT * FROM `swarm_tasks` WHERE status = "PENDING" AND `swarm_tasks`.`deleted_at` IS NULL ORDER BY created_at asc,`swarm_tasks`.`id` LIMIT 1

2026/05/20 14:30:47 [31;1m/home/cnf/projects/auto-coder-swarm/internal/storage/storage.go:86 [35;1mrecord not found
[0m[33m[0.237ms] [34;1m[rows:0][0m SELECT * FROM `swarm_tasks` WHERE status = "PENDING" AND `swarm_tasks`.`deleted_at` IS NULL ORDER BY created_at asc,`swarm_tasks`.`id` LIMIT 1

2026/05/20 14:30:49 [31;1m/home/cnf/projects/auto-coder-swarm/internal/storage/storage.go:86 [35;1mrecord not found
[0m[33m[0.242ms] [34;1m[rows:0][0m SELECT * FROM `swarm_tasks` WHERE status = "PENDING" AND `swarm_tasks`.`deleted_at` IS NULL ORDER BY created_at asc,`swarm_tasks`.`id` LIMIT 1

2026/05/20 14:30:51 [31;1m/home/cnf/projects/auto-coder-swarm/internal/storage/storage.go:86 [35;1mrecord not found
[0m[33m[0.255ms] [34;1m[rows:0][0m SELECT * FROM `swarm_tasks` WHERE status = "PENDING" AND `swarm_tasks`.`deleted_at` IS NULL ORDER BY created_at asc,`swarm_tasks`.`id` LIMIT 1

2026/05/20 14:30:53 [31;1m/home/cnf/projects/auto-coder-swarm/internal/storage/storage.go:86 [35;1mrecord not found
[0m[33m[0.242ms] [34;1m[rows:0][0m SELECT * FROM `swarm_tasks` WHERE status = "PENDING" AND `swarm_tasks`.`deleted_at` IS NULL ORDER BY created_at asc,`swarm_tasks`.`id` LIMIT 1

2026/05/20 14:30:55 [31;1m/home/cnf/projects/auto-coder-swarm/internal/storage/storage.go:86 [35;1mrecord not found
[0m[33m[0.245ms] [34;1m[rows:0][0m SELECT * FROM `swarm_tasks` WHERE status = "PENDING" AND `swarm_tasks`.`deleted_at` IS NULL ORDER BY created_at asc,`swarm_tasks`.`id` LIMIT 1

2026/05/20 14:30:57 [31;1m/home/cnf/projects/auto-coder-swarm/internal/storage/storage.go:86 [35;1mrecord not found
[0m[33m[0.704ms] [34;1m[rows:0][0m SELECT * FROM `swarm_tasks` WHERE status = "PENDING" AND `swarm_tasks`.`deleted_at` IS NULL ORDER BY created_at asc,`swarm_tasks`.`id` LIMIT 1

2026/05/20 14:30:59 [31;1m/home/cnf/projects/auto-coder-swarm/internal/storage/storage.go:86 [35;1mrecord not found
[0m[33m[0.210ms] [34;1m[rows:0][0m SELECT * FROM `swarm_tasks` WHERE status = "PENDING" AND `swarm_tasks`.`deleted_at` IS NULL ORDER BY created_at asc,`swarm_tasks`.`id` LIMIT 1

2026/05/20 14:31:01 [31;1m/home/cnf/projects/auto-coder-swarm/internal/storage/storage.go:86 [35;1mrecord not found
[0m[33m[0.241ms] [34;1m[rows:0][0m SELECT * FROM `swarm_tasks` WHERE status = "PENDING" AND `swarm_tasks`.`deleted_at` IS NULL ORDER BY created_at asc,`swarm_tasks`.`id` LIMIT 1

2026/05/20 14:31:03 [31;1m/home/cnf/projects/auto-coder-swarm/internal/storage/storage.go:86 [35;1mrecord not found
[0m[33m[0.227ms] [34;1m[rows:0][0m SELECT * FROM `swarm_tasks` WHERE status = "PENDING" AND `swarm_tasks`.`deleted_at` IS NULL ORDER BY created_at asc,`swarm_tasks`.`id` LIMIT 1

2026/05/20 14:31:05 [31;1m/home/cnf/projects/auto-coder-swarm/internal/storage/storage.go:86 [35;1mrecord not found
[0m[33m[0.214ms] [34;1m[rows:0][0m SELECT * FROM `swarm_tasks` WHERE status = "PENDING" AND `swarm_tasks`.`deleted_at` IS NULL ORDER BY created_at asc,`swarm_tasks`.`id` LIMIT 1

2026/05/20 14:31:07 [31;1m/home/cnf/projects/auto-coder-swarm/internal/storage/storage.go:86 [35;1mrecord not found
[0m[33m[0.143ms] [34;1m[rows:0][0m SELECT * FROM `swarm_tasks` WHERE status = "PENDING" AND `swarm_tasks`.`deleted_at` IS NULL ORDER BY created_at asc,`swarm_tasks`.`id` LIMIT 1

2026/05/20 14:31:09 [31;1m/home/cnf/projects/auto-coder-swarm/internal/storage/storage.go:86 [35;1mrecord not found
[0m[33m[0.229ms] [34;1m[rows:0][0m SELECT * FROM `swarm_tasks` WHERE status = "PENDING" AND `swarm_tasks`.`deleted_at` IS NULL ORDER BY created_at asc,`swarm_tasks`.`id` LIMIT 1

2026/05/20 14:31:11 [31;1m/home/cnf/projects/auto-coder-swarm/internal/storage/storage.go:86 [35;1mrecord not found
[0m[33m[0.123ms] [34;1m[rows:0][0m SELECT * FROM `swarm_tasks` WHERE status = "PENDING" AND `swarm_tasks`.`deleted_at` IS NULL ORDER BY created_at asc,`swarm_tasks`.`id` LIMIT 1

2026/05/20 14:31:13 [31;1m/home/cnf/projects/auto-coder-swarm/internal/storage/storage.go:86 [35;1mrecord not found
[0m[33m[0.243ms] [34;1m[rows:0][0m SELECT * FROM `swarm_tasks` WHERE status = "PENDING" AND `swarm_tasks`.`deleted_at` IS NULL ORDER BY created_at asc,`swarm_tasks`.`id` LIMIT 1

2026/05/20 14:31:15 [31;1m/home/cnf/projects/auto-coder-swarm/internal/storage/storage.go:86 [35;1mrecord not found
[0m[33m[0.113ms] [34;1m[rows:0][0m SELECT * FROM `swarm_tasks` WHERE status = "PENDING" AND `swarm_tasks`.`deleted_at` IS NULL ORDER BY created_at asc,`swarm_tasks`.`id` LIMIT 1

2026/05/20 14:31:17 [31;1m/home/cnf/projects/auto-coder-swarm/internal/storage/storage.go:86 [35;1mrecord not found
[0m[33m[0.190ms] [34;1m[rows:0][0m SELECT * FROM `swarm_tasks` WHERE status = "PENDING" AND `swarm_tasks`.`deleted_at` IS NULL ORDER BY created_at asc,`swarm_tasks`.`id` LIMIT 1

2026/05/20 14:31:19 [31;1m/home/cnf/projects/auto-coder-swarm/internal/storage/storage.go:86 [35;1mrecord not found
[0m[33m[0.091ms] [34;1m[rows:0][0m SELECT * FROM `swarm_tasks` WHERE status = "PENDING" AND `swarm_tasks`.`deleted_at` IS NULL ORDER BY created_at asc,`swarm_tasks`.`id` LIMIT 1

2026/05/20 14:31:21 [31;1m/home/cnf/projects/auto-coder-swarm/internal/storage/storage.go:86 [35;1mrecord not found
[0m[33m[0.238ms] [34;1m[rows:0][0m SELECT * FROM `swarm_tasks` WHERE status = "PENDING" AND `swarm_tasks`.`deleted_at` IS NULL ORDER BY created_at asc,`swarm_tasks`.`id` LIMIT 1

2026/05/20 14:31:23 [31;1m/home/cnf/projects/auto-coder-swarm/internal/storage/storage.go:86 [35;1mrecord not found
[0m[33m[0.113ms] [34;1m[rows:0][0m SELECT * FROM `swarm_tasks` WHERE status = "PENDING" AND `swarm_tasks`.`deleted_at` IS NULL ORDER BY created_at asc,`swarm_tasks`.`id` LIMIT 1

2026/05/20 14:31:25 [31;1m/home/cnf/projects/auto-coder-swarm/internal/storage/storage.go:86 [35;1mrecord not found
[0m[33m[0.250ms] [34;1m[rows:0][0m SELECT * FROM `swarm_tasks` WHERE status = "PENDING" AND `swarm_tasks`.`deleted_at` IS NULL ORDER BY created_at asc,`swarm_tasks`.`id` LIMIT 1

2026/05/20 14:31:27 [31;1m/home/cnf/projects/auto-coder-swarm/internal/storage/storage.go:86 [35;1mrecord not found
[0m[33m[0.100ms] [34;1m[rows:0][0m SELECT * FROM `swarm_tasks` WHERE status = "PENDING" AND `swarm_tasks`.`deleted_at` IS NULL ORDER BY created_at asc,`swarm_tasks`.`id` LIMIT 1

2026/05/20 14:31:29 [31;1m/home/cnf/projects/auto-coder-swarm/internal/storage/storage.go:86 [35;1mrecord not found
[0m[33m[0.179ms] [34;1m[rows:0][0m SELECT * FROM `swarm_tasks` WHERE status = "PENDING" AND `swarm_tasks`.`deleted_at` IS NULL ORDER BY created_at asc,`swarm_tasks`.`id` LIMIT 1

2026/05/20 14:31:31 [31;1m/home/cnf/projects/auto-coder-swarm/internal/storage/storage.go:86 [35;1mrecord not found
[0m[33m[0.104ms] [34;1m[rows:0][0m SELECT * FROM `swarm_tasks` WHERE status = "PENDING" AND `swarm_tasks`.`deleted_at` IS NULL ORDER BY created_at asc,`swarm_tasks`.`id` LIMIT 1

2026/05/20 14:31:33 [31;1m/home/cnf/projects/auto-coder-swarm/internal/storage/storage.go:86 [35;1mrecord not found
[0m[33m[0.245ms] [34;1m[rows:0][0m SELECT * FROM `swarm_tasks` WHERE status = "PENDING" AND `swarm_tasks`.`deleted_at` IS NULL ORDER BY created_at asc,`swarm_tasks`.`id` LIMIT 1

2026/05/20 14:31:35 [31;1m/home/cnf/projects/auto-coder-swarm/internal/storage/storage.go:86 [35;1mrecord not found
[0m[33m[0.089ms] [34;1m[rows:0][0m SELECT * FROM `swarm_tasks` WHERE status = "PENDING" AND `swarm_tasks`.`deleted_at` IS NULL ORDER BY created_at asc,`swarm_tasks`.`id` LIMIT 1

2026/05/20 14:31:37 [31;1m/home/cnf/projects/auto-coder-swarm/internal/storage/storage.go:86 [35;1mrecord not found
[0m[33m[0.245ms] [34;1m[rows:0][0m SELECT * FROM `swarm_tasks` WHERE status = "PENDING" AND `swarm_tasks`.`deleted_at` IS NULL ORDER BY created_at asc,`swarm_tasks`.`id` LIMIT 1

2026/05/20 14:31:39 [31;1m/home/cnf/projects/auto-coder-swarm/internal/storage/storage.go:86 [35;1mrecord not found
[0m[33m[0.099ms] [34;1m[rows:0][0m SELECT * FROM `swarm_tasks` WHERE status = "PENDING" AND `swarm_tasks`.`deleted_at` IS NULL ORDER BY created_at asc,`swarm_tasks`.`id` LIMIT 1

2026/05/20 14:31:41 [31;1m/home/cnf/projects/auto-coder-swarm/internal/storage/storage.go:86 [35;1mrecord not found
[0m[33m[0.253ms] [34;1m[rows:0][0m SELECT * FROM `swarm_tasks` WHERE status = "PENDING" AND `swarm_tasks`.`deleted_at` IS NULL ORDER BY created_at asc,`swarm_tasks`.`id` LIMIT 1

2026/05/20 14:31:43 [31;1m/home/cnf/projects/auto-coder-swarm/internal/storage/storage.go:86 [35;1mrecord not found
[0m[33m[0.098ms] [34;1m[rows:0][0m SELECT * FROM `swarm_tasks` WHERE status = "PENDING" AND `swarm_tasks`.`deleted_at` IS NULL ORDER BY created_at asc,`swarm_tasks`.`id` LIMIT 1

2026/05/20 14:31:45 [31;1m/home/cnf/projects/auto-coder-swarm/internal/storage/storage.go:86 [35;1mrecord not found
[0m[33m[0.217ms] [34;1m[rows:0][0m SELECT * FROM `swarm_tasks` WHERE status = "PENDING" AND `swarm_tasks`.`deleted_at` IS NULL ORDER BY created_at asc,`swarm_tasks`.`id` LIMIT 1

2026/05/20 14:31:47 [31;1m/home/cnf/projects/auto-coder-swarm/internal/storage/storage.go:86 [35;1mrecord not found
[0m[33m[0.215ms] [34;1m[rows:0][0m SELECT * FROM `swarm_tasks` WHERE status = "PENDING" AND `swarm_tasks`.`deleted_at` IS NULL ORDER BY created_at asc,`swarm_tasks`.`id` LIMIT 1

2026/05/20 14:31:49 [31;1m/home/cnf/projects/auto-coder-swarm/internal/storage/storage.go:86 [35;1mrecord not found
[0m[33m[0.240ms] [34;1m[rows:0][0m SELECT * FROM `swarm_tasks` WHERE status = "PENDING" AND `swarm_tasks`.`deleted_at` IS NULL ORDER BY created_at asc,`swarm_tasks`.`id` LIMIT 1

2026/05/20 14:31:51 [31;1m/home/cnf/projects/auto-coder-swarm/internal/storage/storage.go:86 [35;1mrecord not found
[0m[33m[0.146ms] [34;1m[rows:0][0m SELECT * FROM `swarm_tasks` WHERE status = "PENDING" AND `swarm_tasks`.`deleted_at` IS NULL ORDER BY created_at asc,`swarm_tasks`.`id` LIMIT 1

2026/05/20 14:31:53 [31;1m/home/cnf/projects/auto-coder-swarm/internal/storage/storage.go:86 [35;1mrecord not found
[0m[33m[0.174ms] [34;1m[rows:0][0m SELECT * FROM `swarm_tasks` WHERE status = "PENDING" AND `swarm_tasks`.`deleted_at` IS NULL ORDER BY created_at asc,`swarm_tasks`.`id` LIMIT 1

2026/05/20 14:31:55 [31;1m/home/cnf/projects/auto-coder-swarm/internal/storage/storage.go:86 [35;1mrecord not found
[0m[33m[0.125ms] [34;1m[rows:0][0m SELECT * FROM `swarm_tasks` WHERE status = "PENDING" AND `swarm_tasks`.`deleted_at` IS NULL ORDER BY created_at asc,`swarm_tasks`.`id` LIMIT 1

2026/05/20 14:31:57 [31;1m/home/cnf/projects/auto-coder-swarm/internal/storage/storage.go:86 [35;1mrecord not found
[0m[33m[0.223ms] [34;1m[rows:0][0m SELECT * FROM `swarm_tasks` WHERE status = "PENDING" AND `swarm_tasks`.`deleted_at` IS NULL ORDER BY created_at asc,`swarm_tasks`.`id` LIMIT 1

2026/05/20 14:31:59 [31;1m/home/cnf/projects/auto-coder-swarm/internal/storage/storage.go:86 [35;1mrecord not found
[0m[33m[0.166ms] [34;1m[rows:0][0m SELECT * FROM `swarm_tasks` WHERE status = "PENDING" AND `swarm_tasks`.`deleted_at` IS NULL ORDER BY created_at asc,`swarm_tasks`.`id` LIMIT 1

2026/05/20 14:32:01 [31;1m/home/cnf/projects/auto-coder-swarm/internal/storage/storage.go:86 [35;1mrecord not found
[0m[33m[0.251ms] [34;1m[rows:0][0m SELECT * FROM `swarm_tasks` WHERE status = "PENDING" AND `swarm_tasks`.`deleted_at` IS NULL ORDER BY created_at asc,`swarm_tasks`.`id` LIMIT 1

2026/05/20 14:32:03 [31;1m/home/cnf/projects/auto-coder-swarm/internal/storage/storage.go:86 [35;1mrecord not found
[0m[33m[0.234ms] [34;1m[rows:0][0m SELECT * FROM `swarm_tasks` WHERE status = "PENDING" AND `swarm_tasks`.`deleted_at` IS NULL ORDER BY created_at asc,`swarm_tasks`.`id` LIMIT 1

2026/05/20 14:32:05 [31;1m/home/cnf/projects/auto-coder-swarm/internal/storage/storage.go:86 [35;1mrecord not found
[0m[33m[0.078ms] [34;1m[rows:0][0m SELECT * FROM `swarm_tasks` WHERE status = "PENDING" AND `swarm_tasks`.`deleted_at` IS NULL ORDER BY created_at asc,`swarm_tasks`.`id` LIMIT 1

2026/05/20 14:32:07 [31;1m/home/cnf/projects/auto-coder-swarm/internal/storage/storage.go:86 [35;1mrecord not found
[0m[33m[0.129ms] [34;1m[rows:0][0m SELECT * FROM `swarm_tasks` WHERE status = "PENDING" AND `swarm_tasks`.`deleted_at` IS NULL ORDER BY created_at asc,`swarm_tasks`.`id` LIMIT 1

2026/05/20 14:32:09 [31;1m/home/cnf/projects/auto-coder-swarm/internal/storage/storage.go:86 [35;1mrecord not found
[0m[33m[0.091ms] [34;1m[rows:0][0m SELECT * FROM `swarm_tasks` WHERE status = "PENDING" AND `swarm_tasks`.`deleted_at` IS NULL ORDER BY created_at asc,`swarm_tasks`.`id` LIMIT 1
